<html><head></head><body><p>some text in iframe1.shadow1.shadow1.iframe1 in lightpink using srcdoc</p></body></html>