<html><head>
    <title>child page</title>
    <style>
        /* this can reach the 1st layer of shadow */
        #shadow_host {
            display: block;
            width: 300px;
            height: 3+00px;
            background-color: lightgreen;
            padding: 10px;
        }

        /* the following are useless because they cannot reach the 2nd layer of shadow

        #nested_shadow_host {
            display: block;
            width: 100%;
            height: 100px;
            background-color: lightyellow;
            padding: 10px;
        }

        #iframe1.shadow1.iframe1 {
            display: block;
            width: 100%;
            height: 200px;
            background-color: lightgray;
            padding: 10px;
        }

        iframe {
            display: block;
            width: 200px;
            height: 200px;
            background-color: lightcoral;
            padding: 10px;
        }

        .info {
            display: block;
            padding: 10px;
            background-color: lightgray;
        }
            */
    </style>
</head>

<body>
    <!-- <h1>iframe content</h1> -->
    <p>some text in iframe1 in lightblue</p>
    <div id="shadow_host">
        <!-- use template without JS to create static shadow root -->
        </div></body></html>