<style>
                        .info {
                            display: block;
                            width: 100%;
                            height: 50px;
                            background-color: lightyellow;
                            padding: 10px;
                        }

                        iframe {
                            display: block;
                            width: 100%;
                            height: 100px;
                            background-color: lightpink;
                            padding: 10px;
                        }
                    </style>
<span class="info">some text in iframe1.shadow1.shadow1 in light yellow</span>
<iframe id="iframe1.shadow1.shadow1.iframe1" srcdoc="<p>some text in iframe1.shadow1.shadow1.iframe1 in lightpink using srcdoc</p>" cd_frame_id_="9796a1ac6164b752ca04244e1da19b51"></iframe>
