<style>
                iframe {
                    display: block;
                    width: 100%;
                    height: 100px;
                    background-color: lightsalmon;
                    padding: 10px;
                }
            </style>
<span class="info">some text in iframe1.shadow1 in lightgreen</span>
<iframe id="iframe1.shadow1.iframe1" srcdoc="<p>some text in iframe1.shadow1.iframe1 in lightsalmon using srcdoc</p>"></iframe>
<div id="nested_shadow_host">
                
            </div>
