<html><head>
    <title>Iframe over shadow</title>
    <style>
        #iframe1 {
            display: block;
            width: 400px;
            height: 400px;
            background-color: lightblue;
            padding: 10px;
        }
    </style>
</head>

<body>
    <h1>iframe over shadow example</h1>
    <div id="div outside iframe1">
        <p>some text outside iframe1</p>
    </div>
    <iframe id="iframe1" src="iframe_over_shadow_test_child.html" title="Iframe Example" cd_frame_id_="854056df23f23b850b5103a5942e13de"></iframe>
    


</body></html>