iframe001: id('iframe1') iframe
iframe001.shadow001: id('iframe1') iframe id('shadow_host') shadow
iframe001.shadow001.iframe002: id('iframe1') iframe id('shadow_host') shadow /iframe[@id='iframe1.shadow1.iframe1'] iframe
iframe001.shadow001.shadow002: id('iframe1') iframe id('shadow_host') shadow /div[@id='nested_shadow_host'] shadow
iframe001.shadow001.shadow002.iframe003: id('iframe1') iframe id('shadow_host') shadow /div[@id='nested_shadow_host'] shadow /iframe[@id='iframe1.shadow1.shadow1.iframe1'] iframe
