id('iframe1')
id('shadow_host')
/iframe[@id='iframe1.shadow1.iframe1']
/div[@id='nested_shadow_host']
/iframe[@id='iframe1.shadow1.shadow1.iframe1']
