id('iframe1') iframe
id('iframe1') iframe id('shadow_host') shadow
id('iframe1') iframe id('shadow_host') shadow /iframe[@id='iframe1.shadow1.iframe1'] iframe
id('iframe1') iframe id('shadow_host') shadow /div[@id='nested_shadow_host'] shadow
id('iframe1') iframe id('shadow_host') shadow /div[@id='nested_shadow_host'] shadow /iframe[@id='iframe1.shadow1.shadow1.iframe1'] iframe
