<div id="nested_shadow_host">
                <p>some text in iframe1.shadow1's child shadowHost but not its child shadow. it will be overwritten by
                    shadow</p>
                
            </div>